2026-09-30 00:40:40,445 INFO o.a.j.u.JMeterUtils: Setting Locale to en_EN
2026-09-30 00:40:40,460 INFO o.a.j.JMeter: Loading user properties from: /opt/homebrew/Cellar/jmeter/5.6.3/libexec/bin/user.properties
2026-09-30 00:40:40,460 INFO o.a.j.JMeter: Loading system properties from: /opt/homebrew/Cellar/jmeter/5.6.3/libexec/bin/system.properties
2026-09-30 00:40:40,463 INFO o.a.j.JMeter: Copyright (c) 1998-2024 The Apache Software Foundation
2026-09-30 00:40:40,463 INFO o.a.j.JMeter: Version 5.6.3
2026-09-30 00:40:40,463 INFO o.a.j.JMeter: java.version=21.0.12.1
2026-09-30 00:40:40,463 INFO o.a.j.JMeter: java.vm.name=OpenJDK 64-Bit Server VM
2026-09-30 00:40:40,464 INFO o.a.j.JMeter: os.name=Mac OS X
2026-09-30 00:40:40,464 INFO o.a.j.JMeter: os.arch=aarch64
2026-09-30 00:40:40,464 INFO o.a.j.JMeter: os.version=15.7.3
2026-09-30 00:40:40,464 INFO o.a.j.JMeter: file.encoding=UTF-8
2026-09-30 00:40:40,464 INFO o.a.j.JMeter: java.awt.headless=true
2026-09-30 00:40:40,464 INFO o.a.j.JMeter: Max memory     =1073741824
2026-09-30 00:40:40,464 INFO o.a.j.JMeter: Available Processors =8
2026-09-30 00:40:40,470 INFO o.a.j.JMeter: Default Locale=English (EN)
2026-09-30 00:40:40,470 INFO o.a.j.JMeter: JMeter  Locale=English (EN)
2026-09-30 00:40:40,470 INFO o.a.j.JMeter: JMeterHome=/opt/homebrew/Cellar/jmeter/5.6.3/libexec
2026-09-30 00:40:40,470 INFO o.a.j.JMeter: user.dir  =/Users/ayush/Desktop/TUKS/Final Year | Sem 1/COS 301/Capstone 2/Gesture-Based-Drone-Control
2026-09-30 00:40:40,471 INFO o.a.j.JMeter: PWD       =/Users/ayush/Desktop/TUKS/Final Year | Sem 1/COS 301/Capstone 2/Gesture-Based-Drone-Control
2026-09-30 00:40:40,473 INFO o.a.j.JMeter: IP: 127.0.0.1 Name: Ayushs-MacBook-Air.local FullName: localhost
2026-09-30 00:40:40,480 INFO o.a.j.JMeter: Setting property 'jmeter.reportgenerator.outputdir' to:'/Users/ayush/Desktop/TUKS/Final Year | Sem 1/COS 301/Capstone 2/Gesture-Based-Drone-Control/docs/nfr/evidence/jmeter/report'
2026-09-30 00:40:40,482 INFO o.a.j.s.FileServer: Default base='/Users/ayush/Desktop/TUKS/Final Year | Sem 1/COS 301/Capstone 2/Gesture-Based-Drone-Control'
2026-09-30 00:40:40,483 INFO o.a.j.s.FileServer: Set new base='/Users/ayush/Desktop/TUKS/Final Year | Sem 1/COS 301/Capstone 2/Gesture-Based-Drone-Control/tests/nfr/jmeter'
2026-09-30 00:40:40,589 INFO o.a.j.s.SaveService: Testplan (JMX) version: 2.2. Testlog (JTL) version: 2.2
2026-09-30 00:40:40,609 INFO o.a.j.s.SaveService: Using SaveService properties version 5.0
2026-09-30 00:40:40,610 INFO o.a.j.s.SaveService: Using SaveService properties file encoding UTF-8
2026-09-30 00:40:40,612 INFO o.a.j.s.SaveService: Loading file: tests/nfr/jmeter/gbdc-rest-load.jmx
2026-09-30 00:40:40,647 INFO o.a.j.p.h.s.HTTPSamplerBase: Parser for text/html is org.apache.jmeter.protocol.http.parser.LagartoBasedHtmlParser
2026-09-30 00:40:40,647 INFO o.a.j.p.h.s.HTTPSamplerBase: Parser for application/xhtml+xml is org.apache.jmeter.protocol.http.parser.LagartoBasedHtmlParser
2026-09-30 00:40:40,647 INFO o.a.j.p.h.s.HTTPSamplerBase: Parser for application/xml is org.apache.jmeter.protocol.http.parser.LagartoBasedHtmlParser
2026-09-30 00:40:40,647 INFO o.a.j.p.h.s.HTTPSamplerBase: Parser for text/xml is org.apache.jmeter.protocol.http.parser.LagartoBasedHtmlParser
2026-09-30 00:40:40,647 INFO o.a.j.p.h.s.HTTPSamplerBase: Parser for text/vnd.wap.wml is org.apache.jmeter.protocol.http.parser.RegexpHTMLParser
2026-09-30 00:40:40,648 INFO o.a.j.p.h.s.HTTPSamplerBase: Parser for text/css is org.apache.jmeter.protocol.http.parser.CssParser
2026-09-30 00:40:40,658 INFO o.a.j.JMeter: Creating summariser <summary>
2026-09-30 00:40:40,666 INFO o.a.j.r.d.ReportGenerator: ReportGenerator will use for Parsing the separator: ','
2026-09-30 00:40:40,666 INFO o.a.j.r.d.ReportGenerator: Will generate report at end of test from  results file: docs/nfr/evidence/jmeter/results.jtl
2026-09-30 00:40:40,666 INFO o.a.j.r.d.ReportGenerator: Reading report generator properties from: /opt/homebrew/Cellar/jmeter/5.6.3/libexec/bin/reportgenerator.properties
2026-09-30 00:40:40,667 INFO o.a.j.r.d.ReportGenerator: Merging with JMeter properties
2026-09-30 00:40:40,669 INFO o.a.j.r.c.ReportGeneratorConfiguration: Property 'jmeter.reportgenerator.temp_dir' not found, using default value 'temp' instead.
2026-09-30 00:40:40,670 INFO o.a.j.r.c.ReportGeneratorConfiguration: Property 'jmeter.reportgenerator.apdex_per_transaction' not found, using default value 'null' instead.
2026-09-30 00:40:40,670 INFO o.a.j.r.c.ReportGeneratorConfiguration: apdex_per_transaction is empty, not APDEX per transaction customization
2026-09-30 00:40:40,671 INFO o.a.j.r.c.ReportGeneratorConfiguration: Property 'jmeter.reportgenerator.sample_filter' not found, using default value 'null' instead.
2026-09-30 00:40:40,671 INFO o.a.j.r.c.ReportGeneratorConfiguration: Property 'jmeter.reportgenerator.report_title' not found, using default value 'null' instead.
2026-09-30 00:40:40,671 INFO o.a.j.r.c.ReportGeneratorConfiguration: Property 'jmeter.reportgenerator.start_date' not found, using default value 'null' instead.
2026-09-30 00:40:40,671 INFO o.a.j.r.c.ReportGeneratorConfiguration: Property 'jmeter.reportgenerator.end_date' not found, using default value 'null' instead.
2026-09-30 00:40:40,671 INFO o.a.j.r.c.ReportGeneratorConfiguration: Property 'jmeter.reportgenerator.date_format' not found, using default value 'null' instead.
2026-09-30 00:40:40,671 INFO o.a.j.r.c.ReportGeneratorConfiguration: Will use date range start date: null, end date: null
2026-09-30 00:40:40,674 INFO o.a.j.r.c.ReportGeneratorConfiguration: Property 'jmeter.reportgenerator.graph.totalTPS.exclude_controllers' not found, using default value 'false' instead.
2026-09-30 00:40:40,674 INFO o.a.j.r.c.ReportGeneratorConfiguration: Property 'jmeter.reportgenerator.graph.activeThreadsOverTime.exclude_controllers' not found, using default value 'false' instead.
2026-09-30 00:40:40,674 INFO o.a.j.r.c.ReportGeneratorConfiguration: Property 'jmeter.reportgenerator.graph.timeVsThreads.exclude_controllers' not found, using default value 'false' instead.
2026-09-30 00:40:40,675 INFO o.a.j.r.c.ReportGeneratorConfiguration: Property 'jmeter.reportgenerator.graph.responseTimeDistribution.exclude_controllers' not found, using default value 'false' instead.
2026-09-30 00:40:40,675 INFO o.a.j.r.c.ReportGeneratorConfiguration: Property 'jmeter.reportgenerator.graph.transactionsPerSecond.exclude_controllers' not found, using default value 'false' instead.
2026-09-30 00:40:40,675 INFO o.a.j.r.c.ReportGeneratorConfiguration: Property 'jmeter.reportgenerator.graph.responseTimePercentiles.exclude_controllers' not found, using default value 'false' instead.
2026-09-30 00:40:40,675 INFO o.a.j.r.c.ReportGeneratorConfiguration: Property 'jmeter.reportgenerator.graph.responseTimePercentilesOverTime.exclude_controllers' not found, using default value 'false' instead.
2026-09-30 00:40:40,675 INFO o.a.j.r.c.ReportGeneratorConfiguration: Property 'jmeter.reportgenerator.graph.responseTimesOverTime.exclude_controllers' not found, using default value 'false' instead.
2026-09-30 00:40:40,675 INFO o.a.j.r.c.ReportGeneratorConfiguration: Property 'jmeter.reportgenerator.graph.connectTimeOverTime.exclude_controllers' not found, using default value 'false' instead.
2026-09-30 00:40:40,675 INFO o.a.j.r.c.ReportGeneratorConfiguration: Property 'jmeter.reportgenerator.graph.latenciesOverTime.exclude_controllers' not found, using default value 'false' instead.
2026-09-30 00:40:40,675 INFO o.a.j.r.c.ReportGeneratorConfiguration: Property 'jmeter.reportgenerator.exporter.json.filters_only_sample_series' not found, using default value 'true' instead.
2026-09-30 00:40:40,675 INFO o.a.j.r.c.ReportGeneratorConfiguration: Property 'jmeter.reportgenerator.exporter.json.series_filter' not found, using default value '' instead.
2026-09-30 00:40:40,675 INFO o.a.j.r.c.ReportGeneratorConfiguration: Property 'jmeter.reportgenerator.exporter.json.show_controllers_only' not found, using default value 'false' instead.
2026-09-30 00:40:40,676 INFO o.a.j.r.c.ReportGeneratorConfiguration: Property 'jmeter.reportgenerator.exporter.html.filters_only_sample_series' not found, using default value 'true' instead.
2026-09-30 00:40:40,676 INFO o.a.j.r.c.ReportGeneratorConfiguration: Property 'jmeter.reportgenerator.exporter.html.series_filter' not found, using default value '' instead.
2026-09-30 00:40:40,676 INFO o.a.j.r.c.ReportGeneratorConfiguration: Property 'jmeter.reportgenerator.exporter.html.show_controllers_only' not found, using default value 'false' instead.
2026-09-30 00:40:40,683 INFO o.a.j.e.StandardJMeterEngine: Running the test!
2026-09-30 00:40:40,684 INFO o.a.j.s.SampleEvent: List of sample_variables: []
2026-09-30 00:40:40,684 INFO o.a.j.s.SampleEvent: List of sample_variables: []
2026-09-30 00:40:40,686 INFO o.a.j.e.u.CompoundVariable: Note: Function class names must contain the string: '.functions.'
2026-09-30 00:40:40,686 INFO o.a.j.e.u.CompoundVariable: Note: Function class names must not contain the string: '.gui.'
2026-09-30 00:40:40,724 INFO o.a.j.r.ClassFinder: Will scan jar /opt/homebrew/Cellar/jmeter/5.6.3/libexec/lib/ext/jmeter-plugins-manager-1.9.jar with filter ExtendsClassFilter [parents=[interface org.apache.jmeter.functions.Function], inner=false, contains=null, notContains=null]. Consider exposing JMeter plugins via META-INF/services, and add JMeter-Skip-Class-Scanning=true manifest attribute so JMeter can skip classfile scanning
2026-09-30 00:40:40,823 INFO o.a.j.JMeter: Running test (1790721640823)
2026-09-30 00:40:40,834 INFO o.a.j.e.StandardJMeterEngine: Starting ThreadGroup: 1 : 10 concurrent clients
2026-09-30 00:40:40,834 INFO o.a.j.e.StandardJMeterEngine: Starting 10 threads for group 10 concurrent clients.
2026-09-30 00:40:40,835 INFO o.a.j.e.StandardJMeterEngine: Thread will continue on error
2026-09-30 00:40:40,835 INFO o.a.j.t.ThreadGroup: Starting thread group... number=1 threads=10 ramp-up=2 delayedStart=false
2026-09-30 00:40:40,839 INFO o.a.j.t.JMeterThread: Thread started: 10 concurrent clients 1-1
2026-09-30 00:40:40,841 INFO o.a.j.t.ThreadGroup: Started thread group number 1
2026-09-30 00:40:40,841 INFO o.a.j.e.StandardJMeterEngine: All thread groups have been started
2026-09-30 00:40:40,850 INFO o.a.j.p.h.s.HTTPHCAbstractImpl: Local host = Ayushs-MacBook-Air.local
2026-09-30 00:40:40,853 INFO o.a.j.p.h.s.HTTPHC4Impl: HTTP request retry count = 0
2026-09-30 00:40:40,853 INFO o.a.j.s.SampleResult: Note: Sample TimeStamps are START times
2026-09-30 00:40:40,853 INFO o.a.j.s.SampleResult: sampleresult.default.encoding is set to UTF-8
2026-09-30 00:40:40,853 INFO o.a.j.s.SampleResult: sampleresult.useNanoTime=true
2026-09-30 00:40:40,853 INFO o.a.j.s.SampleResult: sampleresult.nanoThreadSleep=5000
2026-09-30 00:40:41,038 INFO o.a.j.t.JMeterThread: Thread started: 10 concurrent clients 1-2
2026-09-30 00:40:41,129 INFO o.a.j.t.JMeterThread: Thread is done: 10 concurrent clients 1-1
2026-09-30 00:40:41,129 INFO o.a.j.t.JMeterThread: Thread finished: 10 concurrent clients 1-1
2026-09-30 00:40:41,239 INFO o.a.j.t.JMeterThread: Thread started: 10 concurrent clients 1-3
2026-09-30 00:40:41,275 INFO o.a.j.t.JMeterThread: Thread is done: 10 concurrent clients 1-2
2026-09-30 00:40:41,275 INFO o.a.j.t.JMeterThread: Thread finished: 10 concurrent clients 1-2
2026-09-30 00:40:41,420 INFO o.a.j.t.JMeterThread: Thread is done: 10 concurrent clients 1-3
2026-09-30 00:40:41,420 INFO o.a.j.t.JMeterThread: Thread finished: 10 concurrent clients 1-3
2026-09-30 00:40:41,437 INFO o.a.j.t.JMeterThread: Thread started: 10 concurrent clients 1-4
2026-09-30 00:40:41,536 INFO o.a.j.t.JMeterThread: Thread is done: 10 concurrent clients 1-4
2026-09-30 00:40:41,536 INFO o.a.j.t.JMeterThread: Thread finished: 10 concurrent clients 1-4
2026-09-30 00:40:41,642 INFO o.a.j.t.JMeterThread: Thread started: 10 concurrent clients 1-5
2026-09-30 00:40:41,748 INFO o.a.j.t.JMeterThread: Thread is done: 10 concurrent clients 1-5
2026-09-30 00:40:41,748 INFO o.a.j.t.JMeterThread: Thread finished: 10 concurrent clients 1-5
2026-09-30 00:40:41,841 INFO o.a.j.t.JMeterThread: Thread started: 10 concurrent clients 1-6
2026-09-30 00:40:41,946 INFO o.a.j.t.JMeterThread: Thread is done: 10 concurrent clients 1-6
2026-09-30 00:40:41,947 INFO o.a.j.t.JMeterThread: Thread finished: 10 concurrent clients 1-6
2026-09-30 00:40:42,041 INFO o.a.j.t.JMeterThread: Thread started: 10 concurrent clients 1-7
2026-09-30 00:40:42,164 INFO o.a.j.t.JMeterThread: Thread is done: 10 concurrent clients 1-7
2026-09-30 00:40:42,164 INFO o.a.j.t.JMeterThread: Thread finished: 10 concurrent clients 1-7
2026-09-30 00:40:42,241 INFO o.a.j.t.JMeterThread: Thread started: 10 concurrent clients 1-8
2026-09-30 00:40:42,341 INFO o.a.j.t.JMeterThread: Thread is done: 10 concurrent clients 1-8
2026-09-30 00:40:42,341 INFO o.a.j.t.JMeterThread: Thread finished: 10 concurrent clients 1-8
2026-09-30 00:40:42,441 INFO o.a.j.t.JMeterThread: Thread started: 10 concurrent clients 1-9
2026-09-30 00:40:42,610 INFO o.a.j.t.JMeterThread: Thread is done: 10 concurrent clients 1-9
2026-09-30 00:40:42,610 INFO o.a.j.t.JMeterThread: Thread finished: 10 concurrent clients 1-9
2026-09-30 00:40:42,636 INFO o.a.j.t.JMeterThread: Thread started: 10 concurrent clients 1-10
2026-09-30 00:40:42,723 INFO o.a.j.t.JMeterThread: Thread is done: 10 concurrent clients 1-10
2026-09-30 00:40:42,723 INFO o.a.j.t.JMeterThread: Thread finished: 10 concurrent clients 1-10
2026-09-30 00:40:42,723 INFO o.a.j.e.StandardJMeterEngine: Notifying test listeners of end of test
2026-09-30 00:40:42,724 INFO o.a.j.r.Summariser: summary =   1600 in 00:00:02 =  842.1/s Avg:     0 Min:     0 Max:    21 Err:     0 (0.00%)
2026-09-30 00:40:42,724 INFO o.a.j.JMeter: Generating Dashboard
2026-09-30 00:40:42,724 INFO o.a.j.r.d.ReportGenerator: Flushing result collector before report Generation
2026-09-30 00:40:42,732 INFO o.a.j.r.p.NormalizerSampleConsumer: Using format, 'ms', to parse timeStamp field
2026-09-30 00:40:42,841 INFO o.a.j.r.p.AbstractSampleConsumer: class org.apache.jmeter.report.processor.AggregateConsumer#stopProducing(): beginDate produced 0 samples
2026-09-30 00:40:42,841 INFO o.a.j.r.p.AbstractSampleConsumer: class org.apache.jmeter.report.processor.AggregateConsumer#stopProducing(): endDate produced 0 samples
2026-09-30 00:40:42,843 INFO o.a.j.r.p.AbstractSampleConsumer: class org.apache.jmeter.report.processor.ApdexSummaryConsumer#stopProducing(): apdexSummary produced 0 samples
2026-09-30 00:40:42,843 INFO o.a.j.r.p.AbstractSampleConsumer: class org.apache.jmeter.report.processor.RequestsSummaryConsumer#stopProducing(): requestsSummary produced 0 samples
2026-09-30 00:40:42,846 INFO o.a.j.r.p.AbstractSampleConsumer: class org.apache.jmeter.report.processor.StatisticsSummaryConsumer#stopProducing(): statisticsSummary produced 0 samples
2026-09-30 00:40:42,847 INFO o.a.j.r.p.AbstractSampleConsumer: class org.apache.jmeter.report.processor.Top5ErrorsBySamplerConsumer#stopProducing(): top5ErrorsBySampler produced 0 samples
2026-09-30 00:40:42,847 INFO o.a.j.r.p.AbstractSampleConsumer: class org.apache.jmeter.report.processor.ErrorsSummaryConsumer#stopProducing(): errorsSummary produced 0 samples
2026-09-30 00:40:42,847 INFO o.a.j.r.p.AbstractSampleConsumer: class org.apache.jmeter.report.processor.graph.impl.HitsPerSecondGraphConsumer#stopProducing(): hitsPerSecond produced 0 samples
2026-09-30 00:40:42,866 INFO o.a.j.r.p.AbstractSampleConsumer: class org.apache.jmeter.report.processor.graph.impl.LatencyVSRequestGraphConsumer#stopProducing(): latencyVsRequest produced 0 samples
2026-09-30 00:40:42,867 INFO o.a.j.r.p.AbstractSampleConsumer: class org.apache.jmeter.report.processor.graph.impl.SyntheticResponseTimeDistributionGraphConsumer#stopProducing(): syntheticResponseTimeDistribution produced 0 samples
2026-09-30 00:40:42,867 INFO o.a.j.r.p.AbstractSampleConsumer: class org.apache.jmeter.report.processor.graph.impl.BytesThroughputGraphConsumer#stopProducing(): bytesThroughputOverTime produced 0 samples
2026-09-30 00:40:42,867 INFO o.a.j.r.p.AbstractSampleConsumer: class org.apache.jmeter.report.processor.graph.impl.CodesPerSecondGraphConsumer#stopProducing(): codesPerSecond produced 0 samples
2026-09-30 00:40:42,880 INFO o.a.j.r.p.AbstractSampleConsumer: class org.apache.jmeter.report.processor.graph.impl.ResponseTimeVSRequestGraphConsumer#stopProducing(): responseTimeVsRequest produced 0 samples
2026-09-30 00:40:42,880 INFO o.a.j.r.p.AbstractSampleConsumer: class org.apache.jmeter.report.processor.FilterConsumer#stopProducing(): startIntervalControlerFilter produced 11200 samples
2026-09-30 00:40:42,880 INFO o.a.j.r.p.AbstractSampleConsumer: class org.apache.jmeter.report.processor.graph.impl.TotalTPSGraphConsumer#stopProducing(): totalTPS produced 0 samples
2026-09-30 00:40:42,880 INFO o.a.j.r.p.AbstractSampleConsumer: class org.apache.jmeter.report.processor.graph.impl.ActiveThreadsGraphConsumer#stopProducing(): activeThreadsOverTime produced 0 samples
2026-09-30 00:40:42,880 INFO o.a.j.r.p.AbstractSampleConsumer: class org.apache.jmeter.report.processor.graph.impl.TimeVSThreadGraphConsumer#stopProducing(): timeVsThreads produced 0 samples
2026-09-30 00:40:42,880 INFO o.a.j.r.p.AbstractSampleConsumer: class org.apache.jmeter.report.processor.graph.impl.ResponseTimeDistributionGraphConsumer#stopProducing(): responseTimeDistribution produced 0 samples
2026-09-30 00:40:42,880 INFO o.a.j.r.p.AbstractSampleConsumer: class org.apache.jmeter.report.processor.graph.impl.TransactionsPerSecondGraphConsumer#stopProducing(): transactionsPerSecond produced 0 samples
2026-09-30 00:40:42,880 INFO o.a.j.r.p.AbstractSampleConsumer: class org.apache.jmeter.report.processor.graph.impl.ResponseTimePercentilesGraphConsumer#stopProducing(): responseTimePercentiles produced 0 samples
2026-09-30 00:40:42,881 INFO o.a.j.r.p.AbstractSampleConsumer: class org.apache.jmeter.report.processor.graph.impl.ResponseTimePercentilesOverTimeGraphConsumer#stopProducing(): responseTimePercentilesOverTime produced 0 samples
2026-09-30 00:40:42,882 INFO o.a.j.r.p.AbstractSampleConsumer: class org.apache.jmeter.report.processor.graph.impl.ResponseTimeOverTimeGraphConsumer#stopProducing(): responseTimesOverTime produced 0 samples
2026-09-30 00:40:42,882 INFO o.a.j.r.p.AbstractSampleConsumer: class org.apache.jmeter.report.processor.graph.impl.ConnectTimeOverTimeGraphConsumer#stopProducing(): connectTimeOverTime produced 0 samples
2026-09-30 00:40:42,882 INFO o.a.j.r.p.AbstractSampleConsumer: class org.apache.jmeter.report.processor.graph.impl.LatencyOverTimeGraphConsumer#stopProducing(): latenciesOverTime produced 0 samples
2026-09-30 00:40:42,882 INFO o.a.j.r.p.AbstractSampleConsumer: class org.apache.jmeter.report.processor.FilterConsumer#stopProducing(): nameFilter produced 24000 samples
2026-09-30 00:40:42,882 INFO o.a.j.r.p.AbstractSampleConsumer: class org.apache.jmeter.report.processor.FilterConsumer#stopProducing(): dateRangeFilter produced 4800 samples
2026-09-30 00:40:42,882 INFO o.a.j.r.p.AbstractSampleConsumer: class org.apache.jmeter.report.processor.NormalizerSampleConsumer#stopProducing(): normalizer produced 1600 samples
2026-09-30 00:40:42,882 INFO o.a.j.r.p.CsvFileSampleSource: produce(): 1600 samples produced in 136ms on channel 0
2026-09-30 00:40:42,882 INFO o.a.j.r.d.ReportGenerator: Exporting data using exporter:'json' of className:'org.apache.jmeter.report.dashboard.JsonExporter'
2026-09-30 00:40:42,974 INFO o.a.j.r.d.JsonExporter: Found data for consumer statisticsSummary in context
2026-09-30 00:40:42,975 INFO o.a.j.r.d.JsonExporter: Creating statistics for overall
2026-09-30 00:40:42,975 INFO o.a.j.r.d.JsonExporter: Creating statistics for other transactions
2026-09-30 00:40:42,975 INFO o.a.j.r.d.JsonExporter: Checking output folder
2026-09-30 00:40:42,975 INFO o.a.j.r.d.JsonExporter: Writing statistics JSON to /Users/ayush/Desktop/TUKS/Final Year | Sem 1/COS 301/Capstone 2/Gesture-Based-Drone-Control/docs/nfr/evidence/jmeter/report/statistics.json
2026-09-30 00:40:42,995 INFO o.a.j.r.d.ReportGenerator: Exporting data using exporter:'html' of className:'org.apache.jmeter.report.dashboard.HtmlTemplateExporter'
2026-09-30 00:40:42,997 INFO o.a.j.r.d.HtmlTemplateExporter: Will generate dashboard in folder: /Users/ayush/Desktop/TUKS/Final Year | Sem 1/COS 301/Capstone 2/Gesture-Based-Drone-Control/docs/nfr/evidence/jmeter/report
2026-09-30 00:40:43,057 INFO o.a.j.r.d.HtmlTemplateExporter: Report will be generated in: /Users/ayush/Desktop/TUKS/Final Year | Sem 1/COS 301/Capstone 2/Gesture-Based-Drone-Control/docs/nfr/evidence/jmeter/report, creating folder structure
2026-09-30 00:40:43,059 INFO o.a.j.r.d.TemplateVisitor: Copying folder from '/opt/homebrew/Cellar/jmeter/5.6.3/libexec/bin/report-template' to '/Users/ayush/Desktop/TUKS/Final Year | Sem 1/COS 301/Capstone 2/Gesture-Based-Drone-Control/docs/nfr/evidence/jmeter/report', got message: /Users/ayush/Desktop/TUKS/Final Year | Sem 1/COS 301/Capstone 2/Gesture-Based-Drone-Control/docs/nfr/evidence/jmeter/report, found non empty folder with following content [/Users/ayush/Desktop/TUKS/Final Year | Sem 1/COS 301/Capstone 2/Gesture-Based-Drone-Control/docs/nfr/evidence/jmeter/report/statistics.json], will be ignored
2026-09-30 00:40:43,397 INFO o.a.j.JMeter: Dashboard generated
